// Jest Snapshot v1, https://goo.gl/fbAQLP

exports[`App should match snapshot 1`] = `
<div
  className="p-3"
>
  <div
    className="mb-3"
  >
    <form
      action=""
      className="d-flex justify-content-between"
    >
      <div>
        <select
          className="custom-select"
          onChange={[Function]}
          value="all"
        >
          <option
            value="all"
          >
            Выберите должность
          </option>
          <option
            value="driver"
          >
            Водитель
          </option>
          <option
            value="waiter"
          >
            Официант
          </option>
          <option
            value="cook"
          >
            Повар
          </option>
        </select>
      </div>
      <div
        className="form-check form-check-inline"
      >
        <label
          className="form-check-label"
          htmlFor="status"
        >
          В архиве  
        </label>
        <input
          checked={false}
          className="form-check-input"
          id="status"
          onChange={[Function]}
          type="checkbox"
        />
      </div>
    </form>
  </div>
  <table
    className="table"
  >
    <thead>
      <tr>
        <th
          className="table-active"
          onClick={[Function]}
          scope="col"
        >
          Name
          <i
            aria-hidden="true"
            className="fa float-right fa-sort-asc"
          />
        </th>
        <th
          scope="col"
        >
          Role
        </th>
        <th
          scope="col"
        >
          Phone
        </th>
        <th
          className=""
          onClick={[Function]}
          scope="col"
        >
          Birth date
          <i
            aria-hidden="true"
            className="fa float-right fa-sort"
          />
        </th>
      </tr>
    </thead>
    <tbody>
      <tr>
        <th
          scope="row"
        >
          Александр Третьяков
        </th>
        <td>
          driver
        </td>
        <td>
          +7 (872) 568-2916
        </td>
        <td>
          31.05.1979
        </td>
      </tr>
      <tr>
        <th
          scope="row"
        >
          Алла Котова
        </th>
        <td>
          cook
        </td>
        <td>
          +7 (948) 523-2964
        </td>
        <td>
          26.01.1982
        </td>
      </tr>
      <tr>
        <th
          scope="row"
        >
          Богдан Давыдов
        </th>
        <td>
          driver
        </td>
        <td>
          +7 (971) 575-2645
        </td>
        <td>
          29.11.1990
        </td>
      </tr>
      <tr>
        <th
          scope="row"
        >
          Валерий Пестов
        </th>
        <td>
          cook
        </td>
        <td>
          +7 (899) 403-2387
        </td>
        <td>
          20.01.1987
        </td>
      </tr>
      <tr>
        <th
          scope="row"
        >
          Евдокия Филиппова
        </th>
        <td>
          waiter
        </td>
        <td>
          +7 (877) 450-3253
        </td>
        <td>
          03.12.1994
        </td>
      </tr>
      <tr>
        <th
          scope="row"
        >
          Илья Емельянов
        </th>
        <td>
          driver
        </td>
        <td>
          +7 (883) 508-3269
        </td>
        <td>
          12.02.1982
        </td>
      </tr>
      <tr>
        <th
          scope="row"
        >
          Пелагея Морозова
        </th>
        <td>
          driver
        </td>
        <td>
          +7 (977) 521-3479
        </td>
        <td>
          11.09.1981
        </td>
      </tr>
    </tbody>
  </table>
</div>
`;
